// Jest Snapshot v1, https://goo.gl/fbAQLP

exports[`TagModalItem component should render TagModalItem component 1`] = `ShallowWrapper {}`;
