// Jest Snapshot v1, https://goo.gl/fbAQLP

exports[`AddNote component should render AddNote component 1`] = `ShallowWrapper {}`;
