// Jest Snapshot v1, https://goo.gl/fbAQLP

exports[`NavSearchField component should render NavSearchField component 1`] = `ShallowWrapper {}`;
