// Jest Snapshot v1, https://goo.gl/fbAQLP

exports[`NoteCard component should render NoteCard component 1`] = `ShallowWrapper {}`;
