// Jest Snapshot v1, https://goo.gl/fbAQLP

exports[`SignIn page should render SignIn page 1`] = `ShallowWrapper {}`;
