// Jest Snapshot v1, https://goo.gl/fbAQLP

exports[`PacienteModalItem component should render PacienteModalItem component 1`] = `ShallowWrapper {}`;
