// Jest Snapshot v1, https://goo.gl/fbAQLP

exports[`AddNotaCheckItem component should render AddNotaCheckItem component 1`] = `ShallowWrapper {}`;
