// Jest Snapshot v1, https://goo.gl/fbAQLP

exports[`AddPacienteCheckItem component should render AddPacienteCheckItem component 1`] = `ShallowWrapper {}`;
