// Jest Snapshot v1, https://goo.gl/fbAQLP

exports[`PatientModalItem component should render PatientModalItem component 1`] = `ShallowWrapper {}`;
