// Jest Snapshot v1, https://goo.gl/fbAQLP

exports[`Notes page should render Notes page 1`] = `ShallowWrapper {}`;
