// Jest Snapshot v1, https://goo.gl/fbAQLP

exports[`Tags page should render Tags page 1`] = `ShallowWrapper {}`;
