// Jest Snapshot v1, https://goo.gl/fbAQLP

exports[`NotaCard component should render NotaCard component 1`] = `ShallowWrapper {}`;
