// Jest Snapshot v1, https://goo.gl/fbAQLP

exports[`Pacientes page should render Pacientes page 1`] = `ShallowWrapper {}`;
