// Jest Snapshot v1, https://goo.gl/fbAQLP

exports[`ColorPicker component should render ColorPicker component 1`] = `ShallowWrapper {}`;
