// Jest Snapshot v1, https://goo.gl/fbAQLP

exports[`PacientesModal component should render PacientesModal component 1`] = `ShallowWrapper {}`;
