// Jest Snapshot v1, https://goo.gl/fbAQLP

exports[`NavItem component should render NavItem component 1`] = `ShallowWrapper {}`;
