// Jest Snapshot v1, https://goo.gl/fbAQLP

exports[`Notas page should render Notas page 1`] = `ShallowWrapper {}`;
