// Jest Snapshot v1, https://goo.gl/fbAQLP

exports[`NoteCardCheckItem component should render NoteCardCheckItem component 1`] = `ShallowWrapper {}`;
