// Jest Snapshot v1, https://goo.gl/fbAQLP

exports[`TagsModal component should render TagsModal component 1`] = `ShallowWrapper {}`;
